// Jest Snapshot v1, https://goo.gl/fbAQLP

exports[`ItemsList Matches snapshot 1`] = `"<Styled(MuiBox) display=\\"flex\\" justifyContent={[undefined]} flexWrap=\\"wrap\\" />"`;
