// Jest Snapshot v1, https://goo.gl/fbAQLP

exports[`Suggestions Renders 1`] = `
"<ContextConsumer>
  [function]
</ContextConsumer>"
`;
