// Jest Snapshot v1, https://goo.gl/fbAQLP

exports[`Item Matches snapshot 1`] = `ShallowWrapper {}`;
